observability: component=parser operation=decompose payload_len=276 action_count=2 steps=2 trigger=action_chunk
READY_QUEUE: ["00_answer_question"]
DISPATCHED: 00_answer_question
STEP_STATUS: {"00_answer_question": "dispatched", "01_execute_changes": "pending"}
READY_QUEUE: []
STEP_STATUS: {"00_answer_question": "dispatched", "01_execute_changes": "pending"}
WORKER_CLAIM_OK
WORKER: worker-planner
STEP_CLAIMED: 00_answer_question
STEP_RUNNING_OK
WORKER: worker-planner
STEP: 00_answer_question
STEP_COMPLETE_OK
WORKER: worker-planner
STEP_COMPLETED_BY_WORKER: 00_answer_question
READY_QUEUE: ["01_execute_changes"]
DISPATCHED: 01_execute_changes
STEP_STATUS: {"00_answer_question": "committed", "01_execute_changes": "dispatched"}
WORKER_CLAIM_OK
WORKER: worker-executor
STEP_CLAIMED: 01_execute_changes
STEP_RUNNING_OK
WORKER: worker-executor
STEP: 01_execute_changes
STEP_COMPLETE_OK
WORKER: worker-executor
STEP_COMPLETED_BY_WORKER: 01_execute_changes
READY_QUEUE: []
STEP_STATUS: {"00_answer_question": "committed", "01_execute_changes": "committed"}
EFFECT_EXECUTION_OK
EXECUTED_EFFECT_ROWS: 2
TASK_STATE: completed
TERMINAL_ASSESSMENT: VerifiedSuccess (attempt f5e2f9870b005e81 completed under kernel-owned verification)
PLAN_ID=f5e2f9870b005e81
PLANNER_VERSION=0.1.0
SEED=42
STEP_COUNT=2
FINGERPRINT=1da2aa4d222f66fc5bbef77488436f1fae767bb4fd52c817afe87ac9466a8dd9
ELAPSED_MS=115
CRITIC_PASSED=true
FINAL_ANSWER=```diff
--- a/users/denissmoliakov/tmp/dek_northpay_probe_2026-09-24/clearing/fees.py
+++ b/users/denissmoliakov/tmp/dek_northpay_probe_2026-09-24/clearing/fees.py
@@ -1,3 +1,4 @@
+from decimal import Decimal, ROUND_HALF_UP
```
STEP.1=so fee 1.0 with share 1 of 8 returns 0.12 but must return 0.13. do not change split_count or loyalty_bonus
STEP.2=fix the rounding bug in /users/denissmoliakov/tmp/dek_northpay_probe_2026-09-24/clearing/fees.py: proportional_refund truncates instead of rounding half-up to the cent
STAGE|normalizer|0ms|payload normalized
STAGE|parser|0ms|parsed 2 step(s)
STAGE|semantic_mapper|0ms|mapped 2 step(s)
STAGE|stable_id|0ms|plan id=f5e2f9870b005e81
STAGE|critic|0ms|critic passed
